seq	name	mir	start	end	mism	add	t5	t3	s5	s3	DB	ambiguity
AAAACTGTAATTACTTTTGTAC	seq_2_x7	hsa-miR-548g-3p	54	75	0	0	0	0	TGGCAAAA	GTACCAAC	miRNA	1
AAATGGATTTTTGGAGCAGG	seq_3_x82389	hsa-miR-1246	10	29	1AG	0	qG	0	CTTGAATG	CAGGAGTG	miRNA	1
TACAGTACTGTGATAACTGAA	seq_4_x2	hsa-miR-101-3p	49	69	0	0	0	0	AAGGTACA	TGAAGAAT	miRNA	1
AAAATTCATTGCTGTCGGTG	seq_5_x1	hsa-miR-181b-5p	16	35	3AC	0	0	tGGT	ACTCAACA	GGGTTTGA	miRNA	1
TCCCTGAGACCCTAACTTGTGA	seq_6_x34	hsa-miR-125b-5p	17	38	0	0	0	0	CTAGTCCC	GTGAGGTA	miRNA	1
GAAAAGCTGGGTTGAGAGGGNNA	seq_7_x34	hsa-miR-320a	47	66	0	qNNA	qG	tCGA	CGGGAAAA	GCGAAAAA	miRNA	3
GAAAAGCTGGGTTGAGAGGGNNA	seq_7_x34	hsa-miR-320b	71	90	0	qNNA	qG	tCAA	TGGGAAAA	GCAAAAGG	miRNA	3
GAAAAGCTGGGTTGAGAGGGNNA	seq_7_x34	hsa-miR-320c	30	49	0	qNNA	qG	tT	TGGGAAAA	GGGT	miRNA	3
